[FABRIC:MT] RazerHydra: Controller initialized.
[FABRIC:MT] RazerHydra: Controller shutdown.
[FABRIC:MT] completed!
